// Vitest Snapshot v1, https://vitest.dev/guide/snapshot.html

exports[`Снапшот-тест компонента UsersList > отображается корректно и соответствует сохранённому снапшоту 1`] = `
<DocumentFragment>
  <main
    class="_usersList_709914"
  >
    <h2>
      Список друзей
    </h2>
    <h1>
      Идет загрузка...
    </h1>
    <div>
      <div
        class="_user_709914"
      >
        <h3>
          John Doe
        </h3>
        <p>
          john@example.com
        </p>
        <button
          class="_button_709914"
        >
          Кликни, чтобы поставить лайк
        </button>
      </div>
      <div
        class="_user_709914"
      >
        <h3>
          Jane Doe
        </h3>
        <p>
          jane@example.com
        </p>
        <button
          class="_button_709914"
        >
          Лайк (кликни, чтобы убрать)
        </button>
      </div>
    </div>
  </main>
</DocumentFragment>
`;
